// Jest Snapshot v1, https://goo.gl/fbAQLP

exports[`CustomCheckboxGroup should match the snapshot 1`] = `
<RCTSafeAreaView
  style={
    {
      "alignSelf": "flex-start",
    }
  }
  testID="radio-button-group"
>
  <View
    accessibilityState={
      {
        "busy": undefined,
        "checked": undefined,
        "disabled": false,
        "expanded": undefined,
        "selected": undefined,
      }
    }
    accessibilityValue={
      {
        "max": undefined,
        "min": undefined,
        "now": undefined,
        "text": undefined,
      }
    }
    accessible={true}
    collapsable={false}
    focusable={true}
    onClick={[Function]}
    onResponderGrant={[Function]}
    onResponderMove={[Function]}
    onResponderRelease={[Function]}
    onResponderTerminate={[Function]}
    onResponderTerminationRequest={[Function]}
    onStartShouldSetResponder={[Function]}
    style={
      {
        "alignItems": "center",
        "flexDirection": "row-reverse",
        "justifyContent": "space-between",
        "marginBottom": 8,
        "opacity": 1,
      }
    }
  >
    <View
      style={
        [
          {
            "alignItems": "center",
            "borderColor": "#000",
            "borderRadius": 12,
            "borderWidth": 2,
            "height": 24,
            "justifyContent": "center",
            "width": 24,
          },
        ]
      }
      testID="radio-button"
    />
    <Text
      style={
        [
          {
            "color": "#000000",
            "fontFamily": undefined,
            "fontSize": undefined,
            "marginLeft": 0,
            "marginRight": 10,
          },
        ]
      }
    >
      Java
    </Text>
  </View>
  <View
    accessibilityState={
      {
        "busy": undefined,
        "checked": undefined,
        "disabled": false,
        "expanded": undefined,
        "selected": undefined,
      }
    }
    accessibilityValue={
      {
        "max": undefined,
        "min": undefined,
        "now": undefined,
        "text": undefined,
      }
    }
    accessible={true}
    collapsable={false}
    focusable={true}
    onClick={[Function]}
    onResponderGrant={[Function]}
    onResponderMove={[Function]}
    onResponderRelease={[Function]}
    onResponderTerminate={[Function]}
    onResponderTerminationRequest={[Function]}
    onStartShouldSetResponder={[Function]}
    style={
      {
        "alignItems": "center",
        "flexDirection": "row-reverse",
        "justifyContent": "space-between",
        "marginBottom": 8,
        "opacity": 1,
      }
    }
  >
    <View
      style={
        [
          {
            "alignItems": "center",
            "borderColor": "#000",
            "borderRadius": 12,
            "borderWidth": 2,
            "height": 24,
            "justifyContent": "center",
            "width": 24,
          },
        ]
      }
      testID="radio-button"
    />
    <Text
      style={
        [
          {
            "color": "#000000",
            "fontFamily": undefined,
            "fontSize": undefined,
            "marginLeft": 0,
            "marginRight": 10,
          },
        ]
      }
    >
      Kotlin
    </Text>
  </View>
  <View
    accessibilityState={
      {
        "busy": undefined,
        "checked": undefined,
        "disabled": false,
        "expanded": undefined,
        "selected": undefined,
      }
    }
    accessibilityValue={
      {
        "max": undefined,
        "min": undefined,
        "now": undefined,
        "text": undefined,
      }
    }
    accessible={true}
    collapsable={false}
    focusable={true}
    onClick={[Function]}
    onResponderGrant={[Function]}
    onResponderMove={[Function]}
    onResponderRelease={[Function]}
    onResponderTerminate={[Function]}
    onResponderTerminationRequest={[Function]}
    onStartShouldSetResponder={[Function]}
    style={
      {
        "alignItems": "center",
        "flexDirection": "row-reverse",
        "justifyContent": "space-between",
        "marginBottom": 8,
        "opacity": 1,
      }
    }
  >
    <View
      style={
        [
          {
            "alignItems": "center",
            "borderColor": "#000",
            "borderRadius": 12,
            "borderWidth": 2,
            "height": 24,
            "justifyContent": "center",
            "width": 24,
          },
        ]
      }
      testID="radio-button"
    />
    <Text
      style={
        [
          {
            "color": "#000000",
            "fontFamily": undefined,
            "fontSize": undefined,
            "marginLeft": 0,
            "marginRight": 10,
          },
        ]
      }
    >
      Javascript
    </Text>
  </View>
</RCTSafeAreaView>
`;
